// Vitest Snapshot v1

exports[`Parser > Parses 1x1 grid 1`] = `"*"`;

exports[`Parser > Parses 1x2 grid 1`] = `
"*
*"
`;

exports[`Parser > Parses 2x1 grid 1`] = `"**"`;

exports[`Parser > Parses 2x1 grid, one cell alive and one cell dead 1`] = `"*."`;

exports[`Parser > Parsing initial state 1`] = `
"...
.*."
`;

exports[`Print > Print 1x1 living cell 1`] = `"*"`;

exports[`Print > Print 1x2 living grid 1`] = `
"*
*"
`;

exports[`Print > Print 2x1 living grid 1`] = `"**"`;

exports[`Print > Print grid 2x1 with one living and one dead cell 1`] = `"*."`;
